// Jest Snapshot v1, https://goo.gl/fbAQLP

exports[`Form render Save Button when the show summary is true and the wrapper has additional actions applies the expected margin-left to the save button 1`] = `
.c1 {
  margin: 20px auto 0 auto;
  max-width: inherit;
  min-width: inherit;
  padding: 0;
  -webkit-align-items: center;
  -webkit-box-align: center;
  -ms-flex-align: center;
  align-items: center;
  display: -webkit-box;
  display: -webkit-flex;
  display: -ms-flexbox;
  display: flex;
}

.c1 div:first-of-type .c4 {
  margin-left: 0;
}

.c1.c1 .c5 .c4 {
  margin-left: 15px;
}

.c1 .c6:first-of-type {
  margin-left: 0;
}

.c2 .c0 {
  -webkit-box-pack: end;
  -webkit-justify-content: flex-end;
  -ms-flex-pack: end;
  justify-content: flex-end;
}

.c3 .c7 .c0 {
  -webkit-align-items: center;
  -webkit-box-align: center;
  -ms-flex-align: center;
  align-items: center;
  display: -webkit-box;
  display: -webkit-flex;
  display: -ms-flexbox;
  display: flex;
  margin-top: 0;
  border-left-style: solid;
  border-left-color: #FFFFFF;
  border-right-style: solid;
  border-right-color: #FFFFFF;
  border-width: 0;
  box-sizing: border-box;
  min-width: 450px;
  padding: 0 40px;
}

<div
  className="c0 c1"
/>
`;
